// Jest Snapshot v1, https://goo.gl/fbAQLP

exports[`should render NotFound correctly 1`] = `
<div
  class="sc-249c5c88-0 bHOtmB"
>
  <p
    class="sc-249c5c88-1 dUHQTv"
  >
    404 | Resource not found...
  </p>
</div>
`;
