// Jest Snapshot v1, https://goo.gl/fbAQLP

exports[`Pokemon pages should render Pokemon correctly 1`] = `
<div
  class="sc-249c5c88-0 bHOtmB"
>
  <p
    class="sc-249c5c88-1 dUHQTv"
  >
    Loading...
  </p>
</div>
`;
